// Jest Snapshot v1, https://goo.gl/fbAQLP

exports[`<InputPassword/> should match snapshot 1`] = `
<input
  class="sc-bczRLJ drTqQa"
  name="password"
  placeholder="Senha"
  required=""
  type="password"
/>
`;
