// Jest Snapshot v1, https://goo.gl/fbAQLP

exports[`<InputName/> should match snapshot 1`] = `
<input
  class="sc-bczRLJ drTqQa"
  name="name"
  placeholder="UsuÃ¡rio"
  required=""
  type="text"
/>
`;
