// Jest Snapshot v1, https://goo.gl/fbAQLP

exports[`<FlagSuccess/> should match snapshot 1`] = `
<p
  class="sc-bczRLJ gypqCX"
>
  Sucesso
</p>
`;
