// Jest Snapshot v1, https://goo.gl/fbAQLP

exports[`<FlagError/> should match snapshot 1`] = `
<p
  class="sc-bczRLJ bcsOYy"
>
  Erro
</p>
`;
